{
  "status": "ok",
  "statement_no": "45/2023",
  "db_path": "/Users/robin/Documents/Projects/buchhaltung/datenbank.sqlite",
  "account_id": 1,
  "db_prepared": false,
  "row_count": 4,
  "movement_count": 2,
  "opening_balance_cents": 748864,
  "expected_closing_balance_cents": 703845,
  "computed_closing_balance_cents": 703845,
  "source_file_id": 45,
  "statement_doc_id": 45,
  "inserted_raw": 4,
  "inserted_tx": 2,
  "duplicate_tx": 0,
  "inserted_audit": 4,
  "warnings": [],
  "errors": [],
  "error_count": 0,
  "warning_count": 0
}
