{
  "status": "ok",
  "statement_no": "53/2023",
  "db_path": "/Users/robin/Documents/Projects/buchhaltung/datenbank.sqlite",
  "account_id": 1,
  "db_prepared": false,
  "row_count": 3,
  "movement_count": 1,
  "opening_balance_cents": 1718462,
  "expected_closing_balance_cents": 1668032,
  "computed_closing_balance_cents": 1668032,
  "source_file_id": 53,
  "statement_doc_id": 53,
  "inserted_raw": 3,
  "inserted_tx": 1,
  "duplicate_tx": 0,
  "inserted_audit": 3,
  "warnings": [],
  "errors": [],
  "error_count": 0,
  "warning_count": 0
}
