[2026-03-02 12:24:09] Batch-Import gestartet (YEAR=2023, STMT_DIR=/Users/robin/Documents/Projects/buchhaltung/2023/auszuege)
[2026-03-02 12:24:09] Logs: /Users/robin/Documents/Projects/buchhaltung/logs/batch-import/2023/20260302_122409
[2026-03-02 12:24:09] Gefundene PDFs: 172
[2026-03-02 12:24:09] SKIP 2023/auszuege/Konto_0101173915-Auszug_2023_0001.pdf (JSON existiert bereits)
[2026-03-02 12:24:09] SKIP 2023/auszuege/Konto_0101173915-Auszug_2023_0002.pdf (JSON existiert bereits)
[2026-03-02 12:24:09] SKIP 2023/auszuege/Konto_0101173915-Auszug_2023_0003.pdf (JSON existiert bereits)
[2026-03-02 12:24:09] SKIP 2023/auszuege/Konto_0101173915-Auszug_2023_0004.pdf (JSON existiert bereits)
[2026-03-02 12:24:09] SKIP 2023/auszuege/Konto_0101173915-Auszug_2023_0005.pdf (JSON existiert bereits)
[2026-03-02 12:24:09] SKIP 2023/auszuege/Konto_0101173915-Auszug_2023_0006.pdf (JSON existiert bereits)
[2026-03-02 12:24:09] SKIP 2023/auszuege/Konto_0101173915-Auszug_2023_0007.pdf (JSON existiert bereits)
[2026-03-02 12:24:09] START [8/172] 2023/auszuege/Konto_0101173915-Auszug_2023_0008.pdf
[2026-03-02 12:24:09] LIVE-OUTPUT -> /Users/robin/Documents/Projects/buchhaltung/logs/batch-import/2023/20260302_122409/Konto_0101173915-Auszug_2023_0008.log
[2026-03-02 12:25:29] OK 2023/auszuege/Konto_0101173915-Auszug_2023_0008.pdf (Dauer 80s, Log: /Users/robin/Documents/Projects/buchhaltung/logs/batch-import/2023/20260302_122409/Konto_0101173915-Auszug_2023_0008.log)
[2026-03-02 12:25:29] START [9/172] 2023/auszuege/Konto_0101173915-Auszug_2023_0009.pdf
[2026-03-02 12:25:29] LIVE-OUTPUT -> /Users/robin/Documents/Projects/buchhaltung/logs/batch-import/2023/20260302_122409/Konto_0101173915-Auszug_2023_0009.log
[2026-03-02 12:27:23] OK 2023/auszuege/Konto_0101173915-Auszug_2023_0009.pdf (Dauer 114s, Log: /Users/robin/Documents/Projects/buchhaltung/logs/batch-import/2023/20260302_122409/Konto_0101173915-Auszug_2023_0009.log)
[2026-03-02 12:27:23] START [10/172] 2023/auszuege/Konto_0101173915-Auszug_2023_0010.pdf
[2026-03-02 12:27:23] LIVE-OUTPUT -> /Users/robin/Documents/Projects/buchhaltung/logs/batch-import/2023/20260302_122409/Konto_0101173915-Auszug_2023_0010.log
[2026-03-02 12:28:41] OK 2023/auszuege/Konto_0101173915-Auszug_2023_0010.pdf (Dauer 78s, Log: /Users/robin/Documents/Projects/buchhaltung/logs/batch-import/2023/20260302_122409/Konto_0101173915-Auszug_2023_0010.log)
[2026-03-02 12:28:41] START [11/172] 2023/auszuege/Konto_0101173915-Auszug_2023_0011.pdf
[2026-03-02 12:28:41] LIVE-OUTPUT -> /Users/robin/Documents/Projects/buchhaltung/logs/batch-import/2023/20260302_122409/Konto_0101173915-Auszug_2023_0011.log
[2026-03-02 12:29:42] OK 2023/auszuege/Konto_0101173915-Auszug_2023_0011.pdf (Dauer 61s, Log: /Users/robin/Documents/Projects/buchhaltung/logs/batch-import/2023/20260302_122409/Konto_0101173915-Auszug_2023_0011.log)
[2026-03-02 12:29:42] START [12/172] 2023/auszuege/Konto_0101173915-Auszug_2023_0012.pdf
[2026-03-02 12:29:42] LIVE-OUTPUT -> /Users/robin/Documents/Projects/buchhaltung/logs/batch-import/2023/20260302_122409/Konto_0101173915-Auszug_2023_0012.log
[2026-03-02 12:30:58] OK 2023/auszuege/Konto_0101173915-Auszug_2023_0012.pdf (Dauer 76s, Log: /Users/robin/Documents/Projects/buchhaltung/logs/batch-import/2023/20260302_122409/Konto_0101173915-Auszug_2023_0012.log)
[2026-03-02 12:30:58] START [13/172] 2023/auszuege/Konto_0101173915-Auszug_2023_0013.pdf
[2026-03-02 12:30:58] LIVE-OUTPUT -> /Users/robin/Documents/Projects/buchhaltung/logs/batch-import/2023/20260302_122409/Konto_0101173915-Auszug_2023_0013.log
[2026-03-02 12:32:16] OK 2023/auszuege/Konto_0101173915-Auszug_2023_0013.pdf (Dauer 78s, Log: /Users/robin/Documents/Projects/buchhaltung/logs/batch-import/2023/20260302_122409/Konto_0101173915-Auszug_2023_0013.log)
[2026-03-02 12:32:16] START [14/172] 2023/auszuege/Konto_0101173915-Auszug_2023_0014.pdf
[2026-03-02 12:32:16] LIVE-OUTPUT -> /Users/robin/Documents/Projects/buchhaltung/logs/batch-import/2023/20260302_122409/Konto_0101173915-Auszug_2023_0014.log
[2026-03-02 12:33:51] OK 2023/auszuege/Konto_0101173915-Auszug_2023_0014.pdf (Dauer 95s, Log: /Users/robin/Documents/Projects/buchhaltung/logs/batch-import/2023/20260302_122409/Konto_0101173915-Auszug_2023_0014.log)
[2026-03-02 12:33:51] START [15/172] 2023/auszuege/Konto_0101173915-Auszug_2023_0015.pdf
[2026-03-02 12:33:51] LIVE-OUTPUT -> /Users/robin/Documents/Projects/buchhaltung/logs/batch-import/2023/20260302_122409/Konto_0101173915-Auszug_2023_0015.log
[2026-03-02 12:35:00] OK 2023/auszuege/Konto_0101173915-Auszug_2023_0015.pdf (Dauer 69s, Log: /Users/robin/Documents/Projects/buchhaltung/logs/batch-import/2023/20260302_122409/Konto_0101173915-Auszug_2023_0015.log)
[2026-03-02 12:35:00] START [16/172] 2023/auszuege/Konto_0101173915-Auszug_2023_0016.pdf
[2026-03-02 12:35:00] LIVE-OUTPUT -> /Users/robin/Documents/Projects/buchhaltung/logs/batch-import/2023/20260302_122409/Konto_0101173915-Auszug_2023_0016.log
[2026-03-02 12:36:20] OK 2023/auszuege/Konto_0101173915-Auszug_2023_0016.pdf (Dauer 80s, Log: /Users/robin/Documents/Projects/buchhaltung/logs/batch-import/2023/20260302_122409/Konto_0101173915-Auszug_2023_0016.log)
[2026-03-02 12:36:20] START [17/172] 2023/auszuege/Konto_0101173915-Auszug_2023_0017.pdf
[2026-03-02 12:36:20] LIVE-OUTPUT -> /Users/robin/Documents/Projects/buchhaltung/logs/batch-import/2023/20260302_122409/Konto_0101173915-Auszug_2023_0017.log
[2026-03-02 12:38:04] OK 2023/auszuege/Konto_0101173915-Auszug_2023_0017.pdf (Dauer 104s, Log: /Users/robin/Documents/Projects/buchhaltung/logs/batch-import/2023/20260302_122409/Konto_0101173915-Auszug_2023_0017.log)
[2026-03-02 12:38:04] START [18/172] 2023/auszuege/Konto_0101173915-Auszug_2023_0018.pdf
[2026-03-02 12:38:04] LIVE-OUTPUT -> /Users/robin/Documents/Projects/buchhaltung/logs/batch-import/2023/20260302_122409/Konto_0101173915-Auszug_2023_0018.log
[2026-03-02 12:39:45] OK 2023/auszuege/Konto_0101173915-Auszug_2023_0018.pdf (Dauer 101s, Log: /Users/robin/Documents/Projects/buchhaltung/logs/batch-import/2023/20260302_122409/Konto_0101173915-Auszug_2023_0018.log)
[2026-03-02 12:39:45] START [19/172] 2023/auszuege/Konto_0101173915-Auszug_2023_0019.pdf
[2026-03-02 12:39:45] LIVE-OUTPUT -> /Users/robin/Documents/Projects/buchhaltung/logs/batch-import/2023/20260302_122409/Konto_0101173915-Auszug_2023_0019.log
[2026-03-02 12:40:49] OK 2023/auszuege/Konto_0101173915-Auszug_2023_0019.pdf (Dauer 64s, Log: /Users/robin/Documents/Projects/buchhaltung/logs/batch-import/2023/20260302_122409/Konto_0101173915-Auszug_2023_0019.log)
[2026-03-02 12:40:49] START [20/172] 2023/auszuege/Konto_0101173915-Auszug_2023_0020.pdf
[2026-03-02 12:40:49] LIVE-OUTPUT -> /Users/robin/Documents/Projects/buchhaltung/logs/batch-import/2023/20260302_122409/Konto_0101173915-Auszug_2023_0020.log
[2026-03-02 12:42:02] OK 2023/auszuege/Konto_0101173915-Auszug_2023_0020.pdf (Dauer 73s, Log: /Users/robin/Documents/Projects/buchhaltung/logs/batch-import/2023/20260302_122409/Konto_0101173915-Auszug_2023_0020.log)
[2026-03-02 12:42:02] START [21/172] 2023/auszuege/Konto_0101173915-Auszug_2023_0021.pdf
[2026-03-02 12:42:02] LIVE-OUTPUT -> /Users/robin/Documents/Projects/buchhaltung/logs/batch-import/2023/20260302_122409/Konto_0101173915-Auszug_2023_0021.log
[2026-03-02 12:43:13] OK 2023/auszuege/Konto_0101173915-Auszug_2023_0021.pdf (Dauer 71s, Log: /Users/robin/Documents/Projects/buchhaltung/logs/batch-import/2023/20260302_122409/Konto_0101173915-Auszug_2023_0021.log)
[2026-03-02 12:43:13] START [22/172] 2023/auszuege/Konto_0101173915-Auszug_2023_0022.pdf
[2026-03-02 12:43:13] LIVE-OUTPUT -> /Users/robin/Documents/Projects/buchhaltung/logs/batch-import/2023/20260302_122409/Konto_0101173915-Auszug_2023_0022.log
[2026-03-02 12:44:39] OK 2023/auszuege/Konto_0101173915-Auszug_2023_0022.pdf (Dauer 86s, Log: /Users/robin/Documents/Projects/buchhaltung/logs/batch-import/2023/20260302_122409/Konto_0101173915-Auszug_2023_0022.log)
[2026-03-02 12:44:39] START [23/172] 2023/auszuege/Konto_0101173915-Auszug_2023_0023.pdf
[2026-03-02 12:44:39] LIVE-OUTPUT -> /Users/robin/Documents/Projects/buchhaltung/logs/batch-import/2023/20260302_122409/Konto_0101173915-Auszug_2023_0023.log
[2026-03-02 12:45:54] OK 2023/auszuege/Konto_0101173915-Auszug_2023_0023.pdf (Dauer 75s, Log: /Users/robin/Documents/Projects/buchhaltung/logs/batch-import/2023/20260302_122409/Konto_0101173915-Auszug_2023_0023.log)
[2026-03-02 12:45:54] START [24/172] 2023/auszuege/Konto_0101173915-Auszug_2023_0024.pdf
[2026-03-02 12:45:54] LIVE-OUTPUT -> /Users/robin/Documents/Projects/buchhaltung/logs/batch-import/2023/20260302_122409/Konto_0101173915-Auszug_2023_0024.log
[2026-03-02 12:47:35] OK 2023/auszuege/Konto_0101173915-Auszug_2023_0024.pdf (Dauer 101s, Log: /Users/robin/Documents/Projects/buchhaltung/logs/batch-import/2023/20260302_122409/Konto_0101173915-Auszug_2023_0024.log)
[2026-03-02 12:47:35] START [25/172] 2023/auszuege/Konto_0101173915-Auszug_2023_0025.pdf
[2026-03-02 12:47:35] LIVE-OUTPUT -> /Users/robin/Documents/Projects/buchhaltung/logs/batch-import/2023/20260302_122409/Konto_0101173915-Auszug_2023_0025.log
[2026-03-02 12:48:45] OK 2023/auszuege/Konto_0101173915-Auszug_2023_0025.pdf (Dauer 70s, Log: /Users/robin/Documents/Projects/buchhaltung/logs/batch-import/2023/20260302_122409/Konto_0101173915-Auszug_2023_0025.log)
[2026-03-02 12:48:45] START [26/172] 2023/auszuege/Konto_0101173915-Auszug_2023_0026.pdf
[2026-03-02 12:48:45] LIVE-OUTPUT -> /Users/robin/Documents/Projects/buchhaltung/logs/batch-import/2023/20260302_122409/Konto_0101173915-Auszug_2023_0026.log
[2026-03-02 12:50:12] OK 2023/auszuege/Konto_0101173915-Auszug_2023_0026.pdf (Dauer 87s, Log: /Users/robin/Documents/Projects/buchhaltung/logs/batch-import/2023/20260302_122409/Konto_0101173915-Auszug_2023_0026.log)
[2026-03-02 12:50:12] START [27/172] 2023/auszuege/Konto_0101173915-Auszug_2023_0027.pdf
[2026-03-02 12:50:12] LIVE-OUTPUT -> /Users/robin/Documents/Projects/buchhaltung/logs/batch-import/2023/20260302_122409/Konto_0101173915-Auszug_2023_0027.log
[2026-03-02 12:51:13] OK 2023/auszuege/Konto_0101173915-Auszug_2023_0027.pdf (Dauer 61s, Log: /Users/robin/Documents/Projects/buchhaltung/logs/batch-import/2023/20260302_122409/Konto_0101173915-Auszug_2023_0027.log)
[2026-03-02 12:51:13] START [28/172] 2023/auszuege/Konto_0101173915-Auszug_2023_0028.pdf
[2026-03-02 12:51:13] LIVE-OUTPUT -> /Users/robin/Documents/Projects/buchhaltung/logs/batch-import/2023/20260302_122409/Konto_0101173915-Auszug_2023_0028.log
[2026-03-02 12:52:36] OK 2023/auszuege/Konto_0101173915-Auszug_2023_0028.pdf (Dauer 83s, Log: /Users/robin/Documents/Projects/buchhaltung/logs/batch-import/2023/20260302_122409/Konto_0101173915-Auszug_2023_0028.log)
[2026-03-02 12:52:36] START [29/172] 2023/auszuege/Konto_0101173915-Auszug_2023_0029.pdf
[2026-03-02 12:52:36] LIVE-OUTPUT -> /Users/robin/Documents/Projects/buchhaltung/logs/batch-import/2023/20260302_122409/Konto_0101173915-Auszug_2023_0029.log
[2026-03-02 12:53:55] OK 2023/auszuege/Konto_0101173915-Auszug_2023_0029.pdf (Dauer 79s, Log: /Users/robin/Documents/Projects/buchhaltung/logs/batch-import/2023/20260302_122409/Konto_0101173915-Auszug_2023_0029.log)
[2026-03-02 12:53:55] START [30/172] 2023/auszuege/Konto_0101173915-Auszug_2023_0030.pdf
[2026-03-02 12:53:55] LIVE-OUTPUT -> /Users/robin/Documents/Projects/buchhaltung/logs/batch-import/2023/20260302_122409/Konto_0101173915-Auszug_2023_0030.log
[2026-03-02 12:55:04] OK 2023/auszuege/Konto_0101173915-Auszug_2023_0030.pdf (Dauer 69s, Log: /Users/robin/Documents/Projects/buchhaltung/logs/batch-import/2023/20260302_122409/Konto_0101173915-Auszug_2023_0030.log)
[2026-03-02 12:55:04] START [31/172] 2023/auszuege/Konto_0101173915-Auszug_2023_0031.pdf
[2026-03-02 12:55:04] LIVE-OUTPUT -> /Users/robin/Documents/Projects/buchhaltung/logs/batch-import/2023/20260302_122409/Konto_0101173915-Auszug_2023_0031.log
[2026-03-02 12:56:07] OK 2023/auszuege/Konto_0101173915-Auszug_2023_0031.pdf (Dauer 63s, Log: /Users/robin/Documents/Projects/buchhaltung/logs/batch-import/2023/20260302_122409/Konto_0101173915-Auszug_2023_0031.log)
[2026-03-02 12:56:07] START [32/172] 2023/auszuege/Konto_0101173915-Auszug_2023_0032.pdf
[2026-03-02 12:56:07] LIVE-OUTPUT -> /Users/robin/Documents/Projects/buchhaltung/logs/batch-import/2023/20260302_122409/Konto_0101173915-Auszug_2023_0032.log
[2026-03-02 12:57:59] OK 2023/auszuege/Konto_0101173915-Auszug_2023_0032.pdf (Dauer 112s, Log: /Users/robin/Documents/Projects/buchhaltung/logs/batch-import/2023/20260302_122409/Konto_0101173915-Auszug_2023_0032.log)
[2026-03-02 12:57:59] START [33/172] 2023/auszuege/Konto_0101173915-Auszug_2023_0033.pdf
[2026-03-02 12:57:59] LIVE-OUTPUT -> /Users/robin/Documents/Projects/buchhaltung/logs/batch-import/2023/20260302_122409/Konto_0101173915-Auszug_2023_0033.log
[2026-03-02 12:59:04] OK 2023/auszuege/Konto_0101173915-Auszug_2023_0033.pdf (Dauer 65s, Log: /Users/robin/Documents/Projects/buchhaltung/logs/batch-import/2023/20260302_122409/Konto_0101173915-Auszug_2023_0033.log)
[2026-03-02 12:59:04] START [34/172] 2023/auszuege/Konto_0101173915-Auszug_2023_0034.pdf
[2026-03-02 12:59:04] LIVE-OUTPUT -> /Users/robin/Documents/Projects/buchhaltung/logs/batch-import/2023/20260302_122409/Konto_0101173915-Auszug_2023_0034.log
[2026-03-02 13:00:16] OK 2023/auszuege/Konto_0101173915-Auszug_2023_0034.pdf (Dauer 72s, Log: /Users/robin/Documents/Projects/buchhaltung/logs/batch-import/2023/20260302_122409/Konto_0101173915-Auszug_2023_0034.log)
[2026-03-02 13:00:16] START [35/172] 2023/auszuege/Konto_0101173915-Auszug_2023_0035.pdf
[2026-03-02 13:00:16] LIVE-OUTPUT -> /Users/robin/Documents/Projects/buchhaltung/logs/batch-import/2023/20260302_122409/Konto_0101173915-Auszug_2023_0035.log
[2026-03-02 13:00:19] FEHLER 2023/auszuege/Konto_0101173915-Auszug_2023_0035.pdf (Exit 101, Dauer 3s), siehe /Users/robin/Documents/Projects/buchhaltung/logs/batch-import/2023/20260302_122409/Konto_0101173915-Auszug_2023_0035.log
[2026-03-02 13:00:19] FERTIG processed=27 skipped=7 failed=1
