[2026-03-02 13:43:44] Batch-Import gestartet (YEAR=2023, STMT_DIR=/Users/robin/Documents/Projects/buchhaltung/2023/auszuege)
[2026-03-02 13:43:44] Logs: /Users/robin/Documents/Projects/buchhaltung/logs/batch-import/2023/20260302_134344
[2026-03-02 13:43:44] Gefundene PDFs: 172
[2026-03-02 13:43:44] SKIP 2023/auszuege/Konto_0101173915-Auszug_2023_0001.pdf (JSON existiert bereits)
[2026-03-02 13:43:44] SKIP 2023/auszuege/Konto_0101173915-Auszug_2023_0002.pdf (JSON existiert bereits)
[2026-03-02 13:43:44] SKIP 2023/auszuege/Konto_0101173915-Auszug_2023_0003.pdf (JSON existiert bereits)
[2026-03-02 13:43:44] SKIP 2023/auszuege/Konto_0101173915-Auszug_2023_0004.pdf (JSON existiert bereits)
[2026-03-02 13:43:44] SKIP 2023/auszuege/Konto_0101173915-Auszug_2023_0005.pdf (JSON existiert bereits)
[2026-03-02 13:43:44] SKIP 2023/auszuege/Konto_0101173915-Auszug_2023_0006.pdf (JSON existiert bereits)
[2026-03-02 13:43:44] SKIP 2023/auszuege/Konto_0101173915-Auszug_2023_0007.pdf (JSON existiert bereits)
[2026-03-02 13:43:44] SKIP 2023/auszuege/Konto_0101173915-Auszug_2023_0008.pdf (JSON existiert bereits)
[2026-03-02 13:43:44] SKIP 2023/auszuege/Konto_0101173915-Auszug_2023_0009.pdf (JSON existiert bereits)
[2026-03-02 13:43:44] SKIP 2023/auszuege/Konto_0101173915-Auszug_2023_0010.pdf (JSON existiert bereits)
[2026-03-02 13:43:44] SKIP 2023/auszuege/Konto_0101173915-Auszug_2023_0011.pdf (JSON existiert bereits)
[2026-03-02 13:43:44] SKIP 2023/auszuege/Konto_0101173915-Auszug_2023_0012.pdf (JSON existiert bereits)
[2026-03-02 13:43:44] SKIP 2023/auszuege/Konto_0101173915-Auszug_2023_0013.pdf (JSON existiert bereits)
[2026-03-02 13:43:44] SKIP 2023/auszuege/Konto_0101173915-Auszug_2023_0014.pdf (JSON existiert bereits)
[2026-03-02 13:43:44] SKIP 2023/auszuege/Konto_0101173915-Auszug_2023_0015.pdf (JSON existiert bereits)
[2026-03-02 13:43:44] SKIP 2023/auszuege/Konto_0101173915-Auszug_2023_0016.pdf (JSON existiert bereits)
[2026-03-02 13:43:44] SKIP 2023/auszuege/Konto_0101173915-Auszug_2023_0017.pdf (JSON existiert bereits)
[2026-03-02 13:43:44] SKIP 2023/auszuege/Konto_0101173915-Auszug_2023_0018.pdf (JSON existiert bereits)
[2026-03-02 13:43:44] SKIP 2023/auszuege/Konto_0101173915-Auszug_2023_0019.pdf (JSON existiert bereits)
[2026-03-02 13:43:44] SKIP 2023/auszuege/Konto_0101173915-Auszug_2023_0020.pdf (JSON existiert bereits)
[2026-03-02 13:43:44] SKIP 2023/auszuege/Konto_0101173915-Auszug_2023_0021.pdf (JSON existiert bereits)
[2026-03-02 13:43:44] SKIP 2023/auszuege/Konto_0101173915-Auszug_2023_0022.pdf (JSON existiert bereits)
[2026-03-02 13:43:44] SKIP 2023/auszuege/Konto_0101173915-Auszug_2023_0023.pdf (JSON existiert bereits)
[2026-03-02 13:43:44] SKIP 2023/auszuege/Konto_0101173915-Auszug_2023_0024.pdf (JSON existiert bereits)
[2026-03-02 13:43:44] SKIP 2023/auszuege/Konto_0101173915-Auszug_2023_0025.pdf (JSON existiert bereits)
[2026-03-02 13:43:44] SKIP 2023/auszuege/Konto_0101173915-Auszug_2023_0026.pdf (JSON existiert bereits)
[2026-03-02 13:43:44] SKIP 2023/auszuege/Konto_0101173915-Auszug_2023_0027.pdf (JSON existiert bereits)
[2026-03-02 13:43:44] SKIP 2023/auszuege/Konto_0101173915-Auszug_2023_0028.pdf (JSON existiert bereits)
[2026-03-02 13:43:44] SKIP 2023/auszuege/Konto_0101173915-Auszug_2023_0029.pdf (JSON existiert bereits)
[2026-03-02 13:43:44] SKIP 2023/auszuege/Konto_0101173915-Auszug_2023_0030.pdf (JSON existiert bereits)
[2026-03-02 13:43:44] SKIP 2023/auszuege/Konto_0101173915-Auszug_2023_0031.pdf (JSON existiert bereits)
[2026-03-02 13:43:44] SKIP 2023/auszuege/Konto_0101173915-Auszug_2023_0032.pdf (JSON existiert bereits)
[2026-03-02 13:43:44] SKIP 2023/auszuege/Konto_0101173915-Auszug_2023_0033.pdf (JSON existiert bereits)
[2026-03-02 13:43:44] SKIP 2023/auszuege/Konto_0101173915-Auszug_2023_0034.pdf (JSON existiert bereits)
[2026-03-02 13:43:44] START [35/172] 2023/auszuege/Konto_0101173915-Auszug_2023_0035.pdf
[2026-03-02 13:43:44] LIVE-OUTPUT -> /Users/robin/Documents/Projects/buchhaltung/logs/batch-import/2023/20260302_134344/Konto_0101173915-Auszug_2023_0035.log
[2026-03-02 13:44:17] OK 2023/auszuege/Konto_0101173915-Auszug_2023_0035.pdf (Dauer 33s, Log: /Users/robin/Documents/Projects/buchhaltung/logs/batch-import/2023/20260302_134344/Konto_0101173915-Auszug_2023_0035.log)
[2026-03-02 13:44:17] START [36/172] 2023/auszuege/Konto_0101173915-Auszug_2023_0036.pdf
[2026-03-02 13:44:17] LIVE-OUTPUT -> /Users/robin/Documents/Projects/buchhaltung/logs/batch-import/2023/20260302_134344/Konto_0101173915-Auszug_2023_0036.log
[2026-03-02 13:45:18] OK 2023/auszuege/Konto_0101173915-Auszug_2023_0036.pdf (Dauer 61s, Log: /Users/robin/Documents/Projects/buchhaltung/logs/batch-import/2023/20260302_134344/Konto_0101173915-Auszug_2023_0036.log)
[2026-03-02 13:45:18] START [37/172] 2023/auszuege/Konto_0101173915-Auszug_2023_0037.pdf
[2026-03-02 13:45:18] LIVE-OUTPUT -> /Users/robin/Documents/Projects/buchhaltung/logs/batch-import/2023/20260302_134344/Konto_0101173915-Auszug_2023_0037.log
[2026-03-02 13:46:03] OK 2023/auszuege/Konto_0101173915-Auszug_2023_0037.pdf (Dauer 45s, Log: /Users/robin/Documents/Projects/buchhaltung/logs/batch-import/2023/20260302_134344/Konto_0101173915-Auszug_2023_0037.log)
[2026-03-02 13:46:03] START [38/172] 2023/auszuege/Konto_0101173915-Auszug_2023_0038.pdf
[2026-03-02 13:46:03] LIVE-OUTPUT -> /Users/robin/Documents/Projects/buchhaltung/logs/batch-import/2023/20260302_134344/Konto_0101173915-Auszug_2023_0038.log
[2026-03-02 13:47:07] OK 2023/auszuege/Konto_0101173915-Auszug_2023_0038.pdf (Dauer 64s, Log: /Users/robin/Documents/Projects/buchhaltung/logs/batch-import/2023/20260302_134344/Konto_0101173915-Auszug_2023_0038.log)
[2026-03-02 13:47:07] START [39/172] 2023/auszuege/Konto_0101173915-Auszug_2023_0039.pdf
[2026-03-02 13:47:07] LIVE-OUTPUT -> /Users/robin/Documents/Projects/buchhaltung/logs/batch-import/2023/20260302_134344/Konto_0101173915-Auszug_2023_0039.log
[2026-03-02 13:47:50] OK 2023/auszuege/Konto_0101173915-Auszug_2023_0039.pdf (Dauer 43s, Log: /Users/robin/Documents/Projects/buchhaltung/logs/batch-import/2023/20260302_134344/Konto_0101173915-Auszug_2023_0039.log)
[2026-03-02 13:47:50] START [40/172] 2023/auszuege/Konto_0101173915-Auszug_2023_0040.pdf
[2026-03-02 13:47:50] LIVE-OUTPUT -> /Users/robin/Documents/Projects/buchhaltung/logs/batch-import/2023/20260302_134344/Konto_0101173915-Auszug_2023_0040.log
[2026-03-02 13:48:36] OK 2023/auszuege/Konto_0101173915-Auszug_2023_0040.pdf (Dauer 46s, Log: /Users/robin/Documents/Projects/buchhaltung/logs/batch-import/2023/20260302_134344/Konto_0101173915-Auszug_2023_0040.log)
[2026-03-02 13:48:36] START [41/172] 2023/auszuege/Konto_0101173915-Auszug_2023_0041.pdf
[2026-03-02 13:48:36] LIVE-OUTPUT -> /Users/robin/Documents/Projects/buchhaltung/logs/batch-import/2023/20260302_134344/Konto_0101173915-Auszug_2023_0041.log
[2026-03-02 13:49:30] FEHLER 2023/auszuege/Konto_0101173915-Auszug_2023_0041.pdf (Exit 101, Dauer 54s), siehe /Users/robin/Documents/Projects/buchhaltung/logs/batch-import/2023/20260302_134344/Konto_0101173915-Auszug_2023_0041.log
[2026-03-02 13:49:30] FERTIG processed=6 skipped=34 failed=1
